2026-07-22 23:22:21.784 +03:00 [INF] HTTP GET /api/swagger/v1/swagger.json responded 200 in 343.1669 ms
2026-07-22 23:27:16.983 +03:00 [INF] HTTP GET /api/v1/me responded 401 in 329.7296 ms
2026-07-22 23:27:17.272 +03:00 [INF] HTTP POST /api/v1/auth/refresh responded 401 in 280.4775 ms
2026-07-22 23:27:17.272 +03:00 [INF] HTTP GET /api/v1/users/ork821/subscribes/users responded 200 in 622.4555 ms
2026-07-22 23:27:20.276 +03:00 [INF] HTTP GET /api/v1/me responded 401 in 0.9691 ms
2026-07-22 23:27:20.297 +03:00 [INF] HTTP POST /api/v1/auth/refresh responded 401 in 7.9161 ms
2026-07-22 23:27:20.373 +03:00 [INF] HTTP GET /api/v1/users/ork821/subscribes/users responded 200 in 10.2336 ms
2026-07-22 23:27:24.718 +03:00 [INF] HTTP GET /api/v1/me responded 401 in 0.5599 ms
2026-07-22 23:27:24.736 +03:00 [INF] HTTP POST /api/v1/auth/refresh responded 401 in 7.3458 ms
2026-07-22 23:27:24.829 +03:00 [INF] HTTP GET /api/v1/users/ork821/subscribes/users responded 200 in 3.5658 ms
2026-07-22 23:27:29.973 +03:00 [INF] HTTP POST /api/v1/auth/vk responded 200 in 423.0523 ms
2026-07-22 23:27:30.056 +03:00 [INF] HTTP GET /api/v1/me responded 200 in 73.8477 ms
2026-07-22 23:27:31.539 +03:00 [INF] HTTP GET /api/v1/me responded 401 in 0.4779 ms
2026-07-22 23:27:31.574 +03:00 [INF] HTTP POST /api/v1/auth/refresh responded 200 in 19.2915 ms
2026-07-22 23:27:31.590 +03:00 [INF] HTTP GET /api/v1/me responded 200 in 4.5637 ms
2026-07-22 23:27:31.948 +03:00 [INF] HTTP GET /api/v1/users/ork821/posts responded 200 in 20.5462 ms
2026-07-22 23:28:00.396 +03:00 [INF] Account "019f8b83-0efb-719c-9310-954382ac8931" was scheduled for deletion
2026-07-22 23:28:00.399 +03:00 [INF] HTTP DELETE /api/v1/profile responded 204 in 28.5870 ms
2026-07-22 23:28:00.427 +03:00 [INF] HTTP GET /api/v1/me responded 401 in 0.6214 ms
2026-07-22 23:28:00.437 +03:00 [INF] HTTP POST /api/v1/auth/refresh responded 401 in 0.6178 ms
2026-07-22 23:28:00.481 +03:00 [INF] HTTP GET /api/v1/feed responded 200 in 15.9250 ms
2026-07-22 23:28:44.130 +03:00 [INF] HTTP POST /api/v1/auth/vk responded 409 in 105.7252 ms
2026-07-22 23:30:52.983 +03:00 [INF] HTTP GET /api/v1/me responded 401 in 0.6996 ms
2026-07-22 23:30:53.001 +03:00 [INF] HTTP POST /api/v1/auth/refresh responded 401 in 0.4245 ms
2026-07-22 23:31:37.521 +03:00 [INF] HTTP GET /api/v1/me responded 401 in 0.4772 ms
2026-07-22 23:31:37.550 +03:00 [INF] HTTP POST /api/v1/auth/refresh responded 401 in 0.6463 ms
2026-07-22 23:31:56.169 +03:00 [INF] HTTP POST /api/v1/auth/vk responded 409 in 127.9140 ms
2026-07-22 23:32:09.147 +03:00 [INF] Account "019f8b83-0efb-719c-9310-954382ac8931" was restored
2026-07-22 23:32:09.150 +03:00 [INF] HTTP POST /api/v1/auth/restore responded 200 in 57.7350 ms
2026-07-22 23:32:09.162 +03:00 [INF] HTTP GET /api/v1/me responded 200 in 2.6934 ms
2026-07-22 23:32:09.273 +03:00 [INF] HTTP GET /api/v1/users/ork821/posts responded 200 in 9.5526 ms
2026-07-22 23:32:12.448 +03:00 [INF] HTTP GET /api/v1/me responded 401 in 0.5016 ms
2026-07-22 23:32:12.477 +03:00 [INF] HTTP POST /api/v1/auth/refresh responded 200 in 10.1837 ms
2026-07-22 23:32:12.513 +03:00 [INF] HTTP GET /api/v1/me responded 200 in 6.7838 ms
2026-07-22 23:32:12.807 +03:00 [INF] HTTP GET /api/v1/users/ork821/posts responded 200 in 4.2902 ms
2026-07-22 23:32:16.063 +03:00 [INF] HTTP GET /api/v1/me responded 401 in 0.4604 ms
2026-07-22 23:32:16.093 +03:00 [INF] HTTP POST /api/v1/auth/refresh responded 200 in 15.3756 ms
2026-07-22 23:32:16.176 +03:00 [INF] HTTP GET /api/v1/me responded 200 in 5.7027 ms
2026-07-22 23:32:16.406 +03:00 [INF] HTTP GET /api/v1/users/ork821/posts responded 200 in 3.9220 ms
2026-07-22 23:33:07.776 +03:00 [INF] HTTP GET /api/v1/me responded 401 in 0.8028 ms
2026-07-22 23:33:07.834 +03:00 [INF] HTTP POST /api/v1/auth/refresh responded 200 in 37.5512 ms
2026-07-22 23:33:07.895 +03:00 [INF] HTTP GET /api/v1/me responded 200 in 6.2387 ms
2026-07-22 23:33:08.116 +03:00 [INF] HTTP GET /api/v1/users/ork821/posts responded 200 in 8.7576 ms
